npm warn Unknown project config "node-linker". This will stop working in the next major version of npm.

> demo-faceless-frontapp@1.0.0 build
> vue-tsc -b && vite build

vite v7.3.1 building client environment for production...
transforming...
✓ 40 modules transformed.
rendering chunks...
computing gzip size...
dist/index.html                      0.76 kB │ gzip:  0.48 kB
dist/assets/image-BsxxDY4x.png     277.97 kB
dist/assets/image-C9LiuCoN.png     421.55 kB
dist/assets/index-BSy_kEN-.css       0.62 kB │ gzip:  0.37 kB
dist/assets/HomeView-B21qWIme.css   11.37 kB │ gzip:  2.75 kB
dist/assets/HomeView-S2Mg7Jjj.js     9.41 kB │ gzip:  3.62 kB
dist/assets/index-CrmoBPeb.js       98.60 kB │ gzip: 38.57 kB
✓ built in 649ms
